✅ [HTML] 文件存在: /Users/Zhuanz/WorkBuddy/2026-05-11-task-3/zhangjiajie-park-website/index.html
✅ [HTML] DOCTYPE: DOCTYPE 声明正确
✅ [HTML] Lang: lang 属性设置为 zh-CN
✅ [HTML] Viewport: viewport meta 存在
✅ [HTML] Charset: UTF-8 编码声明正确
✅ [HTML] Header 区域: id="header" 存在
✅ [HTML] Hero 区域: id="hero" 存在
✅ [HTML] 新闻区域: id="news" 存在
✅ [HTML] 景点区域: id="scenic" 存在
✅ [HTML] 体验区域: id="experience" 存在
✅ [HTML] 图库区域: id="gallery" 存在
✅ [HTML] 交通区域: id="transport" 存在
✅ [HTML] Footer 区域: id="footer" 存在
✅ [HTML] 视频模态框: id="videoModal" 存在
✅ [HTML] 灯箱模态框: id="lightbox" 存在
✅ [HTML] 管理面板: id="adminOverlay" 存在
✅ [CSS] CSS 变量: :root 变量定义存在
✅ [CSS] 变量 --green-dark: 已定义
✅ [CSS] 变量 --green-mid: 已定义
✅ [CSS] 变量 --green-accent: 已定义
✅ [CSS] 变量 --gold: 已定义
✅ [CSS] 响应式设计: 检测到 3 个媒体查询
✅ [CSS] 滚动动画: 淡入动画 CSS 已定义
✅ [JS] 函数 switchLang: 已定义
✅ [JS] 函数 goSlide: 已定义
✅ [JS] 函数 toggleMenu: 已定义
✅ [JS] 函数 openLightbox: 已定义
✅ [JS] 函数 closeLightbox: 已定义
✅ [JS] 函数 openVideoModal: 已定义
✅ [JS] 函数 closeVideoModal: 已定义
✅ [JS] 函数 handleSubscribe: 已定义
✅ [JS] 函数 openAdmin: 已定义
✅ [JS] 函数 closeAdmin: 已定义
✅ [JS] 函数 filterGallery: 已定义
✅ [JS] AppState: 状态管理对象已定义
✅ [JS] 状态 currentLang: 已定义
✅ [JS] 状态 isLightboxOpen: 已定义
✅ [JS] 状态 isVideoModalOpen: 已定义
✅ [JS] 事件监听: 检测到 12 个事件监听器
✅ [JS] 防御性检查: 检测到 121 个条件检查
✅ [I18N] 字典结构: i18n 对象已定义
✅ [I18N] 双语支持: 中英文键值对已定义
✅ [I18N] HTML 绑定: 检测到 119 个唯一的 data-i18n 键
✅ [I18N] 键一致性: 中英文键数量对比需要手动验证
✅ [ASSETS] 图片目录: assets/images 目录存在
✅ [ASSETS] 图片数量: 找到 22 张图片
✅ [ASSETS] 图片 hero-pillars.jpg: 存在
✅ [ASSETS] 图片 hero-clouds.jpg: 存在
✅ [ASSETS] 图片 hero-stream.jpg: 存在
✅ [ASSETS] 图片 yuanjiajie.jpg: 存在
✅ [ASSETS] 图片 jinbianxi.jpg: 存在
✅ [ASSETS] 图片 tianzishan.jpg: 存在
✅ [ASSETS] 图片 exp-eco.jpg 大小: 82.4 KB
✅ [ASSETS] 图片 exp-hiking.jpg 大小: 74.7 KB
✅ [ASSETS] 图片 exp-photo.jpg 大小: 39.1 KB
✅ [ASSETS] 图片 exp-stargaze.jpg 大小: 41.0 KB
✅ [ASSETS] 图片 gal-autumn.jpg 大小: 85.1 KB
✅ [ASSETS] 图片 gal-clouds.jpg 大小: 53.5 KB
✅ [ASSETS] 图片 gal-culture.jpg 大小: 88.4 KB
✅ [ASSETS] 图片 gal-spring.jpg 大小: 82.0 KB
✅ [ASSETS] 图片 gal-stream.jpg 大小: 148.4 KB
✅ [ASSETS] 图片 gal-sunrise.jpg 大小: 91.4 KB
✅ [ASSETS] 图片 gal-village.jpg 大小: 124.7 KB
✅ [ASSETS] 图片 gal-winter.jpg 大小: 51.7 KB
✅ [ASSETS] 图片 gal-yuanjiajie.jpg 大小: 118.6 KB
✅ [ASSETS] 图片 hero-clouds.jpg 大小: 309.4 KB
✅ [ASSETS] 图片 hero-pillars.jpg 大小: 469.6 KB
✅ [ASSETS] 图片 hero-stream.jpg 大小: 810.4 KB
✅ [ASSETS] 图片 jinbianxi.jpg 大小: 156.7 KB
✅ [ASSETS] 图片 news-cableway.jpg 大小: 94.7 KB
✅ [ASSETS] 图片 news-festival.jpg 大小: 85.1 KB
✅ [ASSETS] 图片 news-park.jpg 大小: 55.5 KB
✅ [ASSETS] 图片 tianzishan.jpg 大小: 236.1 KB
✅ [ASSETS] 图片 yuanjiajie.jpg 大小: 251.5 KB
✅ [NET] 网站可访问: https://willyye.github.io/zhangjiajie-park-website/ 返回 200
⚠️ [INTERACT] 竞态条件: switchLang 调用次数: 7，可能存在竞态
✅ [INTERACT] 视频模态框: 状态保护已添加 (isVideoModalOpen)
✅ [INTERACT] 灯箱: 状态保护已添加 (isLightboxOpen)
✅ [INTERACT] 滚动节流: 节流/防抖处理已添加
✅ [INTERACT] ESC 键: 检测到 4 个 ESC 键处理器
✅ [A11Y] 图片 Alt: 所有 16 张图片都有 alt 属性
✅ [A11Y] ARIA 属性: 检测到 22 个 ARIA 属性
✅ [A11Y] 表单标签: 5 个 label, 7 个 input